DATA_ROOT: /media/D1/ait_users/staff122/deepfake_project/FaceForensics++_C23
OUTPUT_ROOT: /media/D1/ait_users/staff122/deepfake_project/outputs_deepfake_project
PREPROCESSED_ROOT: /media/D1/ait_users/staff122/deepfake_project/outputs_deepfake_project/preprocessed_image/FaceForensics++_C23
DATA_FORMAT: ffpp
Device: cuda
GPU: NVIDIA GeForce RTX 4090
Checking preprocessed dataset root: /media/D1/ait_users/staff122/deepfake_project/outputs_deepfake_project/preprocessed_image/FaceForensics++_C23
   split  ...                                             folder
0  train  ...  /media/D1/ait_users/staff122/deepfake_project/...
1  train  ...  /media/D1/ait_users/staff122/deepfake_project/...
2    val  ...  /media/D1/ait_users/staff122/deepfake_project/...
3    val  ...  /media/D1/ait_users/staff122/deepfake_project/...
4   test  ...  /media/D1/ait_users/staff122/deepfake_project/...
5   test  ...  /media/D1/ait_users/staff122/deepfake_project/...

[6 rows x 4 columns]

OK: real and fake images exist in train/val/test.
Baseline checkpoint for fine-tuning: /media/D1/ait_users/staff122/deepfake_project/outputs_deepfake_project/models/baseline_efficientnet_b4_clean_best.pt
Consistency lambda: 0.5
Consistency LR: 5e-05
Train degradations: ('jpeg', 'blur', 'downscale', 'noise')
Validation degradations: ('clean', 'jpeg', 'blur', 'downscale', 'noise')
Loaded compatible weights from: /media/D1/ait_users/staff122/deepfake_project/outputs_deepfake_project/models/baseline_efficientnet_b4_clean_best.pt
Loaded tensors: 704
Skipped tensors: 2
Missing tensors after partial load: 8
Unexpected tensors after partial load: 0

Epoch 1/5
Train F1: 0.9884 | Robust Val Mean F1: 0.9391 | Robust Val Mean AUC: 0.8932
  degradation  accuracy        f1       auc      loss
0       clean  0.923661  0.956638  0.946934  0.253546
1        jpeg  0.881220  0.933411  0.894893  0.358026
2        blur  0.896994  0.942373  0.910867  0.341511
3   downscale  0.887500  0.937370  0.895348  0.375932
4       noise  0.867351  0.925611  0.818068  0.368405
Saved best consistency model: /media/D1/ait_users/staff122/deepfake_project/outputs_deepfake_project/models/consistency_efficientnet_b4_robust_best.pt

Epoch 2/5
Train F1: 0.9952 | Robust Val Mean F1: 0.9408 | Robust Val Mean AUC: 0.8965
  degradation  accuracy        f1       auc      loss
0       clean  0.924167  0.956929  0.943724  0.280386
1        jpeg  0.882083  0.934103  0.893542  0.408832
2        blur  0.903006  0.945126  0.911892  0.354804
3   downscale  0.892917  0.939865  0.894082  0.393682
4       noise  0.870625  0.928121  0.839011  0.428737
Saved best consistency model: /media/D1/ait_users/staff122/deepfake_project/outputs_deepfake_project/models/consistency_efficientnet_b4_robust_best.pt

Epoch 3/5
Train F1: 0.9962 | Robust Val Mean F1: 0.9407 | Robust Val Mean AUC: 0.8930
  degradation  accuracy        f1       auc      loss
0       clean  0.921875  0.955749  0.934358  0.285108
1        jpeg  0.881845  0.933932  0.884123  0.405617
2        blur  0.904673  0.945872  0.911459  0.330022
3   downscale  0.894494  0.940515  0.887168  0.373839
4       noise  0.870893  0.927465  0.848041  0.383896

Epoch 4/5
Train F1: 0.9969 | Robust Val Mean F1: 0.9417 | Robust Val Mean AUC: 0.9033
  degradation  accuracy        f1       auc      loss
0       clean  0.925804  0.957623  0.947963  0.280293
1        jpeg  0.886071  0.935644  0.896442  0.410475
2        blur  0.904196  0.945556  0.919966  0.352131
3   downscale  0.896250  0.941121  0.902774  0.388630
4       noise  0.873155  0.928464  0.849230  0.406484
Saved best consistency model: /media/D1/ait_users/staff122/deepfake_project/outputs_deepfake_project/models/consistency_efficientnet_b4_robust_best.pt

Epoch 5/5
Train F1: 0.9972 | Robust Val Mean F1: 0.9415 | Robust Val Mean AUC: 0.8967
  degradation  accuracy        f1       auc      loss
0       clean  0.927411  0.958558  0.935989  0.314149
1        jpeg  0.887470  0.936399  0.889927  0.452907
2        blur  0.901458  0.944253  0.913067  0.399489
3   downscale  0.894375  0.940358  0.890479  0.444206
4       noise  0.870327  0.927758  0.854196  0.495932
Saved consistency training history: /media/D1/ait_users/staff122/deepfake_project/outputs_deepfake_project/results/consistency_efficientnet_b4_robust_history.csv
